https://www.atlassian.com/software/bamboo/download?_ga=2.235418307.355220551.1562723697-679380710.1562723697
sudo mkdir bambooinstalldir

sudo mv ~/Downloads/atlassian-bamboo-6.6.3.tar.gz  .
ls -al
sudo tar -xvf atlassian-bamboo-6.6.3.tar.gz

mohanraj@mohanraj-Vostro:/bambooinstalldir$ cd ..
mohanraj@mohanraj-Vostro:/$ sudo mkdir bamboohomedir

ohanraj@mohanraj-Vostro:/$ ls -al
total 128
drwxr-xr-x  27 root root  4096 Jul 10 08:10 .
drwxr-xr-x  27 root root  4096 Jul 10 08:10 ..
drwxr-xr-x   2 root root  4096 Jul 10 08:10 bamboohomedir
drwxr-xr-x   3 root root  4096 Jul 10 08:03 bambooinstalldir
drwxr-xr-x   2 root root 12288 Jul  8 07:07 bin
drwxr-xr-x   4 root root  4096 Jul  8 07:15 boot
drwxrwxr-x   2 root root  4096 Apr 29  2018 cdrom
drwxr-xr-x  21 root root  4300 Jul  7 16:10 dev


cd /bambooinstalldir/atlassian-bamboo-6.6.3/atlassian-bamboo
/WEB-INF/classes/


mohanraj@mohanraj-Vostro:/bambooinstalldir/atlassian-bamboo-6.6.3/atlassian-bamboo/WEB-INF/classes$ vi bamboo-init.properties

#bamboo.home=C:/bamboo/bamboo-home
bamboo.home=/bamboohomedir 
#(add this in the file)



mohanraj@mohanraj-Vostro:/bambooinstalldir/atlassian-bamboo-6.6.3/atlassian-bamboo/WEB-INF/classes$ cat bamboo-init.properties
## You can specify your bamboo.home property here or in your system environment variables.

#bamboo.home=C:/bamboo/bamboo-home
mohanraj@mohanraj-Vostro:/bambooinstalldir/atlassian-bamboo-6.6.3/atlassian-bamboo/WEB-INF/classes$ sudo vi bamboo-init.properties
mohanraj@mohanraj-Vostro:/bambooinstalldir/atlassian-bamboo-6.6.3/atlassian-bamboo/WEB-INF/classes$ cd /bambooinstalldir/
mohanraj@mohanraj-Vostro:/bambooinstalldir$ ls
atlassian-bamboo-6.6.3  atlassian-bamboo-6.6.3.tar.gz
mohanraj@mohanraj-Vostro:/bambooinstalldir$ cd atlassian-bamboo-6.6.3/
mohanraj@mohanraj-Vostro:/bambooinstalldir/atlassian-bamboo-6.6.3$ ls
atlassian-bamboo  conf      logs         README.txt  tomcat-docs  work
bamboo.sh         lib       NOTICE       scripts     tools
bin               licenses  README.html  temp        webapps
mohanraj@mohanraj-Vostro:/bambooinstalldir/atlassian-bamboo-6.6.3$ cd bin
mohanraj@mohanraj-Vostro:/bambooinstalldir/atlassian-bamboo-6.6.3/bin$ ls
bamboobanner.txt              digest.sh        stop-bamboo.sh
bootstrap.jar                 setclasspath.sh  tomcat-juli.jar
catalina.sh                   setenv.sh        tomcat-native.tar.gz
catalina-tasks.xml            shutdown.sh      tool-wrapper.sh
commons-daemon.jar            start-bamboo.sh  version.sh
commons-daemon-native.tar.gz  startup.sh
mohanraj@mohanraj-Vostro:/bambooinstalldir/atlassian-bamboo-6.6.3/bin$ ./st
start-bamboo.sh  startup.sh       stop-bamboo.sh   
mohanraj@mohanraj-Vostro:/bambooinstalldir/atlassian-bamboo-6.6.3/bin$ ./start-bamboo.sh


mohanraj@mohanraj-Vostro:/bambooinstalldir/atlassian-bamboo-6.6.3/bin$ sudo ./start-bamboo.sh 


To run Bamboo in the foreground, start the server with start-bamboo.sh -fg

Server startup logs are located in /bambooinstalldir/atlassian-bamboo-6.6.3/bin/logs/catalina.out

Bamboo Server Edition
   Version : 6.6.3
                  

If you encounter issues starting or stopping Bamboo Server, please see the Troubleshooting guide at https://confluence.atlassian.com/display/BAMBOO/Installing+and+upgrading+Bamboo

Using CATALINA_BASE:   /bambooinstalldir/atlassian-bamboo-6.6.3
Using CATALINA_HOME:   /bambooinstalldir/atlassian-bamboo-6.6.3
Using CATALINA_TMPDIR: /bambooinstalldir/atlassian-bamboo-6.6.3/temp
Using JRE_HOME:        /usr
Using CLASSPATH:       /bambooinstalldir/atlassian-bamboo-6.6.3/bin/bootstrap.jar:/bambooinstalldir/atlassian-bamboo-6.6.3/bin/tomcat-juli.jar
Tomcat started.

https://docs.microsoft.com/en-gb/sql/linux/quickstart-install-connect-ubuntu?view=sql-server-2017
https://docs.microsoft.com/en-gb/sql/linux/quickstart-install-connect-ubuntu?view=sql-server-2017
admin!123




sqlcmd: command not found on Ubuntu. How to fix it?
If after installing Sql Server on Ubuntu you can’t run sqlcmd getting “sqlcmd: command not found” error then you need to check some things out.

First of all, make sure that have mssql-tools installed. If you are not sure you can simply try to install it:

sudo apt-get install mssql-tools
and if you already have it installed you will get something like this:

Reading package lists... Done
Building dependency tree 
Reading state information... Done
mssql-tools is already the newest version (14.0.3.0-1).
0 to upgrade, 0 to newly install, 0 to remove and 242 not to upgrade.
Otherwise, it will be installed on your system. When everything is installed you may still get “sqlcmd: command not found” error when you try to run sqlcmd if you have no proper symlinks created.

First of all, let’s see how this tool is called on your system. It might be called something like sqlcmd-13.0.1.0 or simply sqlcmd but it should be in /opt/mssql-tools/bin/ directory. Let’s see what we have there:

sudo ls /opt/mssql-tools/bin/sqlcmd*
After you get the name of the tool you can create a symlink:

sudo ln -sfn /opt/mssql-tools/bin/sqlcmd /usr/bin/sqlcmd
That’s it.
